// Jest Snapshot v1, https://goo.gl/fbAQLP

exports[`Navbar Component should match snapshot 1`] = `
<DocumentFragment>
  <header
    class="MuiPaper-root MuiPaper-elevation MuiPaper-elevation4 MuiAppBar-root MuiAppBar-colorPrimary MuiAppBar-positionStatic css-ptdwpq-MuiPaper-root-MuiAppBar-root"
    data-testid="navbar"
    style="--Paper-shadow: 0px 2px 4px -1px rgba(0,0,0,0.2),0px 4px 5px 0px rgba(0,0,0,0.14),0px 1px 10px 0px rgba(0,0,0,0.12);"
  >
    <div
      class="MuiContainer-root css-12pwiy3-MuiContainer-root"
    >
      <div
        class="MuiToolbar-root MuiToolbar-regular css-1u9o2lj-MuiToolbar-root"
      >
        <div
          class="css-co8q06-Logo-root"
        >
          <svg
            aria-hidden="true"
            class="MuiSvgIcon-root MuiSvgIcon-fontSizeMedium css-1umw9bq-MuiSvgIcon-root"
            data-testid="YouTubeIcon"
            focusable="false"
            viewBox="0 0 24 24"
          >
            <path
              d="M10 15l5.19-3L10 9v6m11.56-7.83c.13.47.22 1.1.28 1.9.07.8.1 1.49.1 2.09L22 12c0 2.19-.16 3.8-.44 4.83-.25.9-.83 1.48-1.73 1.73-.47.13-1.33.22-2.65.28-1.3.07-2.49.1-3.59.1L12 19c-4.19 0-6.8-.16-7.83-.44-.9-.25-1.48-.83-1.73-1.73-.13-.47-.22-1.1-.28-1.9-.07-.8-.1-1.49-.1-2.09L2 12c0-2.19.16-3.8.44-4.83.25-.9.83-1.48 1.73-1.73.47-.13 1.33-.22 2.65-.28 1.3-.07 2.49-.1 3.59-.1L12 5c4.19 0 6.8.16 7.83.44.9.25 1.48.83 1.73 1.73z"
            />
          </svg>
          <h6
            class="MuiTypography-root MuiTypography-h6 MuiTypography-noWrap css-1xs0nbu-MuiTypography-root"
          >
            Arbisoft Sessions Portal
          </h6>
        </div>
        <div
          class="MuiBox-root css-1rqqp05"
        >
          <form
            class="css-1yzrppa-Search-root"
          >
            <div
              class="MuiInputBase-root MuiInputBase-colorPrimary css-ixlbt1-MuiInputBase-root-StyledInputBase-root"
            >
              <input
                aria-label="search"
                class="MuiInputBase-input css-yimnyd-MuiInputBase-input"
                placeholder="Search..."
                type="text"
                value=""
              />
            </div>
            <button
              class="css-140grxj-SearchIconButton-root"
              type="submit"
            >
              <svg
                aria-hidden="true"
                class="MuiSvgIcon-root MuiSvgIcon-fontSizeMedium css-1umw9bq-MuiSvgIcon-root"
                data-testid="SearchIcon"
                focusable="false"
                viewBox="0 0 24 24"
              >
                <path
                  d="M15.5 14h-.79l-.28-.27C15.41 12.59 16 11.11 16 9.5 16 5.91 13.09 3 9.5 3S3 5.91 3 9.5 5.91 16 9.5 16c1.61 0 3.09-.59 4.23-1.57l.27.28v.79l5 4.99L20.49 19zm-6 0C7.01 14 5 11.99 5 9.5S7.01 5 9.5 5 14 7.01 14 9.5 11.99 14 9.5 14"
                />
              </svg>
            </button>
          </form>
        </div>
        <div
          class="MuiBox-root css-1v32olg"
        >
          <button
            aria-label="Open settings"
            class="MuiButtonBase-root MuiIconButton-root MuiIconButton-sizeMedium css-1ty4zuc-MuiButtonBase-root-MuiIconButton-root"
            data-mui-internal-clone-element="true"
            data-testid="avatar-btn"
            tabindex="0"
            type="button"
          >
            <div
              class="MuiAvatar-root MuiAvatar-rounded css-14h7kw6-MuiAvatar-root"
            >
              <img
                alt="John Doe"
                class="MuiAvatar-img css-1su80sj-MuiAvatar-img"
                src="https://example.com/avatar.jpg"
              />
            </div>
          </button>
        </div>
      </div>
    </div>
  </header>
</DocumentFragment>
`;
