// Jest Snapshot v1, https://goo.gl/fbAQLP

exports[`InitColorSchemeScript should match the snapshot 1`] = `
<DocumentFragment>
  <script
    nonce=""
  >
    (function() {
try {
  let colorScheme = '';
  const mode = localStorage.getItem('mui-mode') || 'system';
  const dark = localStorage.getItem('mui-color-scheme-dark') || 'dark';
  const light = localStorage.getItem('mui-color-scheme-light') || 'light';
  if (mode === 'system') {
    // handle system mode
    const mql = window.matchMedia('(prefers-color-scheme: dark)');
    if (mql.matches) {
      colorScheme = dark
    } else {
      colorScheme = light
    }
  }
  if (mode === 'light') {
    colorScheme = light;
  }
  if (mode === 'dark') {
    colorScheme = dark;
  }
  if (colorScheme) {
    document.documentElement.classList.remove('%s'.replace('%s', light), '%s'.replace('%s', dark));
      document.documentElement.classList.add('%s'.replace('%s', colorScheme));document.documentElement.setAttribute('.%s', colorScheme);
  }
} catch(e){}})();
  </script>
</DocumentFragment>
`;
