// Jest Snapshot v1, https://goo.gl/fbAQLP

exports[`MainLayoutContainer should matches snapshot for UI consistency 1`] = `
<DocumentFragment>
  <header
    class="MuiPaper-root MuiPaper-elevation MuiPaper-elevation4 MuiAppBar-root MuiAppBar-colorPrimary MuiAppBar-positionStatic css-1mb2kr5-MuiPaper-root-MuiAppBar-root"
    data-testid="navbar"
    style="--Paper-shadow: var(--mui-shadows-4); --Paper-overlay: var(--mui-overlays-4);"
  >
    <div
      class="MuiContainer-root css-12f197v-MuiContainer-root"
    >
      <div
        class="MuiToolbar-root MuiToolbar-regular css-1u9o2lj-MuiToolbar-root"
      >
        <div
          class="css-co8q06-Logo-root"
        >
          <svg
            aria-hidden="true"
            class="MuiSvgIcon-root MuiSvgIcon-fontSizeMedium css-4uxqju-MuiSvgIcon-root"
            data-testid="YouTubeIcon"
            focusable="false"
            viewBox="0 0 24 24"
          >
            <path
              d="M10 15l5.19-3L10 9v6m11.56-7.83c.13.47.22 1.1.28 1.9.07.8.1 1.49.1 2.09L22 12c0 2.19-.16 3.8-.44 4.83-.25.9-.83 1.48-1.73 1.73-.47.13-1.33.22-2.65.28-1.3.07-2.49.1-3.59.1L12 19c-4.19 0-6.8-.16-7.83-.44-.9-.25-1.48-.83-1.73-1.73-.13-.47-.22-1.1-.28-1.9-.07-.8-.1-1.49-.1-2.09L2 12c0-2.19.16-3.8.44-4.83.25-.9.83-1.48 1.73-1.73.47-.13 1.33-.22 2.65-.28 1.3-.07 2.49-.1 3.59-.1L12 5c4.19 0 6.8.16 7.83.44.9.25 1.48.83 1.73 1.73z"
            />
          </svg>
          <h6
            class="MuiTypography-root MuiTypography-h6 MuiTypography-noWrap css-1c6flzx-MuiTypography-root"
          >
            Arbisoft Sessions Portal
          </h6>
        </div>
        <div
          class="MuiBox-root css-1rqqp05"
        >
          <form
            class="css-1yzrppa-Search-root"
          >
            <div
              class="MuiInputBase-root MuiInputBase-colorPrimary css-16stwic-MuiInputBase-root-StyledInputBase-root"
            >
              <input
                aria-label="search"
                class="MuiInputBase-input css-1943rd7-MuiInputBase-input"
                data-testid="search-query"
                placeholder="Search..."
                type="text"
                value=""
              />
            </div>
            <button
              class="css-ejiypo-SearchIconWrapper-root"
            >
              <svg
                aria-hidden="true"
                class="MuiSvgIcon-root MuiSvgIcon-fontSizeMedium css-4uxqju-MuiSvgIcon-root"
                data-testid="SearchIcon"
                focusable="false"
                viewBox="0 0 24 24"
              >
                <path
                  d="M15.5 14h-.79l-.28-.27C15.41 12.59 16 11.11 16 9.5 16 5.91 13.09 3 9.5 3S3 5.91 3 9.5 5.91 16 9.5 16c1.61 0 3.09-.59 4.23-1.57l.27.28v.79l5 4.99L20.49 19zm-6 0C7.01 14 5 11.99 5 9.5S7.01 5 9.5 5 14 7.01 14 9.5 11.99 14 9.5 14"
                />
              </svg>
            </button>
          </form>
        </div>
        <div
          class="MuiBox-root css-1v32olg"
        >
          <button
            aria-label="Open settings"
            class="MuiButtonBase-root MuiIconButton-root MuiIconButton-sizeMedium css-1j2eanh-MuiButtonBase-root-MuiIconButton-root"
            data-mui-internal-clone-element="true"
            data-testid="avatar-btn"
            tabindex="0"
            type="button"
          >
            <div
              class="MuiAvatar-root MuiAvatar-rounded MuiAvatar-colorDefault css-5ta4e5-MuiAvatar-root"
            >
              <svg
                aria-hidden="true"
                class="MuiSvgIcon-root MuiSvgIcon-fontSizeMedium MuiAvatar-fallback css-pamvpt-MuiSvgIcon-root-MuiAvatar-fallback"
                data-testid="PersonIcon"
                focusable="false"
                viewBox="0 0 24 24"
              >
                <path
                  d="M12 12c2.21 0 4-1.79 4-4s-1.79-4-4-4-4 1.79-4 4 1.79 4 4 4zm0 2c-2.67 0-8 1.34-8 4v2h16v-2c0-2.66-5.33-4-8-4z"
                />
              </svg>
            </div>
          </button>
        </div>
      </div>
    </div>
  </header>
  <div
    class="MuiContainer-root MuiContainer-maxWidthXl css-18is7ce-MuiContainer-root-MainContainer-root"
  >
    <div
      class="MuiBox-root css-1i3wj7r-LeftSidebar-root"
      data-testid="left-sidebar"
    >
      <div
        class="MuiBox-root css-cd9kc0-SidebarContainer-root"
        data-testid="sidebar-container"
      >
        <div
          class="MuiStack-root css-ujfjh4-MuiStack-root-MenuStack-root"
        >
          <div
            class="MuiStack-root css-okam97-MuiStack-root-MenuItem-root"
          >
            <img
              alt="Home"
              data-nimg="1"
              decoding="async"
              height="12"
              loading="lazy"
              src="/assets/images/sidebar-item-icon.svg"
              style="color: transparent;"
              width="18"
            />
            <p
              class="MuiTypography-root MuiTypography-bodyMedium css-rudw3m-MuiTypography-root-Text-root"
              data-testid="sidebar-item-Home"
            >
              Home
            </p>
          </div>
          <div
            class="MuiStack-root css-okam97-MuiStack-root-MenuItem-root"
          >
            <img
              alt="Settings"
              data-nimg="1"
              decoding="async"
              height="12"
              loading="lazy"
              src="/assets/images/sidebar-item-icon.svg"
              style="color: transparent;"
              width="18"
            />
            <p
              class="MuiTypography-root MuiTypography-bodyMedium css-rudw3m-MuiTypography-root-Text-root"
              data-testid="sidebar-item-Settings"
            >
              Settings
            </p>
          </div>
          <div
            class="MuiStack-root css-okam97-MuiStack-root-MenuItem-root"
          >
            <img
              alt="Profile"
              data-nimg="1"
              decoding="async"
              height="12"
              loading="lazy"
              src="/assets/images/sidebar-item-icon.svg"
              style="color: transparent;"
              width="18"
            />
            <p
              class="MuiTypography-root MuiTypography-bodyMedium css-rudw3m-MuiTypography-root-Text-root"
              data-testid="sidebar-item-Profile"
            >
              Profile
            </p>
          </div>
          <div
            class="MuiStack-root css-okam97-MuiStack-root-MenuItem-root"
          >
            <img
              alt="Logout"
              data-nimg="1"
              decoding="async"
              height="12"
              loading="lazy"
              src="/assets/images/sidebar-item-icon.svg"
              style="color: transparent;"
              width="18"
            />
            <p
              class="MuiTypography-root MuiTypography-bodyMedium css-rudw3m-MuiTypography-root-Text-root"
              data-testid="sidebar-item-Logout"
            >
              Logout
            </p>
          </div>
        </div>
      </div>
    </div>
    <div
      class="MuiGrid2-root MuiGrid2-container MuiGrid2-direction-xs-row css-1zhuio-MuiGrid2-root-ContentContainer-root"
    >
      <div>
        Test Content
      </div>
    </div>
    <div
      class="MuiBox-root css-1gxza0d-RightSidebar-root"
      data-testid="right-sidebar"
    >
      <div>
        Right Content
      </div>
    </div>
  </div>
</DocumentFragment>
`;
