// Jest Snapshot v1, https://goo.gl/fbAQLP

exports[`ThemeToggle should snapshot test for ThemeToggle 1`] = `
<DocumentFragment>
  <div
    aria-label="Basic button group"
    class="MuiButtonGroup-root MuiButtonGroup-outlined MuiButtonGroup-horizontal MuiButtonGroup-colorPrimary css-smlsl6-MuiButtonGroup-root"
    role="group"
  >
    <button
      class="MuiButtonBase-root MuiButton-root MuiButton-contained MuiButton-containedPrimary MuiButton-sizeSmall MuiButton-containedSizeSmall MuiButton-colorPrimary MuiButtonGroup-grouped MuiButtonGroup-groupedHorizontal MuiButtonGroup-groupedOutlined MuiButtonGroup-groupedOutlinedHorizontal MuiButtonGroup-groupedOutlinedPrimary MuiButton-root MuiButton-contained MuiButton-containedPrimary MuiButton-sizeSmall MuiButton-containedSizeSmall MuiButton-colorPrimary MuiButtonGroup-grouped MuiButtonGroup-groupedHorizontal MuiButtonGroup-groupedOutlined MuiButtonGroup-groupedOutlinedHorizontal MuiButtonGroup-groupedOutlinedPrimary MuiButtonGroup-firstButton css-rs20bt-MuiButtonBase-root-MuiButton-root"
      tabindex="0"
      type="button"
    >
      <span
        class="MuiButton-icon MuiButton-startIcon MuiButton-iconSizeSmall css-1tjwu2m-MuiButton-startIcon"
      >
        <svg
          aria-hidden="true"
          class="MuiSvgIcon-root MuiSvgIcon-fontSizeMedium css-4uxqju-MuiSvgIcon-root"
          data-testid="LightModeIcon"
          focusable="false"
          viewBox="0 0 24 24"
        >
          <path
            d="M12 7c-2.76 0-5 2.24-5 5s2.24 5 5 5 5-2.24 5-5-2.24-5-5-5M2 13h2c.55 0 1-.45 1-1s-.45-1-1-1H2c-.55 0-1 .45-1 1s.45 1 1 1m18 0h2c.55 0 1-.45 1-1s-.45-1-1-1h-2c-.55 0-1 .45-1 1s.45 1 1 1M11 2v2c0 .55.45 1 1 1s1-.45 1-1V2c0-.55-.45-1-1-1s-1 .45-1 1m0 18v2c0 .55.45 1 1 1s1-.45 1-1v-2c0-.55-.45-1-1-1s-1 .45-1 1M5.99 4.58c-.39-.39-1.03-.39-1.41 0-.39.39-.39 1.03 0 1.41l1.06 1.06c.39.39 1.03.39 1.41 0s.39-1.03 0-1.41zm12.37 12.37c-.39-.39-1.03-.39-1.41 0-.39.39-.39 1.03 0 1.41l1.06 1.06c.39.39 1.03.39 1.41 0 .39-.39.39-1.03 0-1.41zm1.06-10.96c.39-.39.39-1.03 0-1.41-.39-.39-1.03-.39-1.41 0l-1.06 1.06c-.39.39-.39 1.03 0 1.41s1.03.39 1.41 0zM7.05 18.36c.39-.39.39-1.03 0-1.41-.39-.39-1.03-.39-1.41 0l-1.06 1.06c-.39.39-.39 1.03 0 1.41s1.03.39 1.41 0z"
          />
        </svg>
      </span>
      light
    </button>
    <button
      class="MuiButtonBase-root MuiButton-root MuiButton-outlined MuiButton-outlinedPrimary MuiButton-sizeSmall MuiButton-outlinedSizeSmall MuiButton-colorPrimary MuiButtonGroup-grouped MuiButtonGroup-groupedHorizontal MuiButtonGroup-groupedOutlined MuiButtonGroup-groupedOutlinedHorizontal MuiButtonGroup-groupedOutlinedPrimary MuiButton-root MuiButton-outlined MuiButton-outlinedPrimary MuiButton-sizeSmall MuiButton-outlinedSizeSmall MuiButton-colorPrimary MuiButtonGroup-grouped MuiButtonGroup-groupedHorizontal MuiButtonGroup-groupedOutlined MuiButtonGroup-groupedOutlinedHorizontal MuiButtonGroup-groupedOutlinedPrimary MuiButtonGroup-middleButton css-4zwuhn-MuiButtonBase-root-MuiButton-root"
      tabindex="0"
      type="button"
    >
      <span
        class="MuiButton-icon MuiButton-startIcon MuiButton-iconSizeSmall css-1tjwu2m-MuiButton-startIcon"
      >
        <svg
          aria-hidden="true"
          class="MuiSvgIcon-root MuiSvgIcon-fontSizeMedium css-4uxqju-MuiSvgIcon-root"
          data-testid="SettingsBrightnessIcon"
          focusable="false"
          viewBox="0 0 24 24"
        >
          <path
            d="M21 3H3c-1.1 0-2 .9-2 2v14c0 1.1.9 2 2 2h18c1.1 0 2-.9 2-2V5c0-1.1-.9-2-2-2m0 16.01H3V4.99h18zM8 16h2.5l1.5 1.5 1.5-1.5H16v-2.5l1.5-1.5-1.5-1.5V8h-2.5L12 6.5 10.5 8H8v2.5L6.5 12 8 13.5zm4-7c1.66 0 3 1.34 3 3s-1.34 3-3 3z"
          />
        </svg>
      </span>
      system
    </button>
    <button
      class="MuiButtonBase-root MuiButton-root MuiButton-outlined MuiButton-outlinedPrimary MuiButton-sizeSmall MuiButton-outlinedSizeSmall MuiButton-colorPrimary MuiButtonGroup-grouped MuiButtonGroup-groupedHorizontal MuiButtonGroup-groupedOutlined MuiButtonGroup-groupedOutlinedHorizontal MuiButtonGroup-groupedOutlinedPrimary MuiButton-root MuiButton-outlined MuiButton-outlinedPrimary MuiButton-sizeSmall MuiButton-outlinedSizeSmall MuiButton-colorPrimary MuiButtonGroup-grouped MuiButtonGroup-groupedHorizontal MuiButtonGroup-groupedOutlined MuiButtonGroup-groupedOutlinedHorizontal MuiButtonGroup-groupedOutlinedPrimary MuiButtonGroup-lastButton css-4zwuhn-MuiButtonBase-root-MuiButton-root"
      tabindex="0"
      type="button"
    >
      <span
        class="MuiButton-icon MuiButton-startIcon MuiButton-iconSizeSmall css-1tjwu2m-MuiButton-startIcon"
      >
        <svg
          aria-hidden="true"
          class="MuiSvgIcon-root MuiSvgIcon-fontSizeMedium css-4uxqju-MuiSvgIcon-root"
          data-testid="DarkModeIcon"
          focusable="false"
          viewBox="0 0 24 24"
        >
          <path
            d="M12 3c-4.97 0-9 4.03-9 9s4.03 9 9 9 9-4.03 9-9c0-.46-.04-.92-.1-1.36-.98 1.37-2.58 2.26-4.4 2.26-2.98 0-5.4-2.42-5.4-5.4 0-1.81.89-3.42 2.26-4.4-.44-.06-.9-.1-1.36-.1"
          />
        </svg>
      </span>
      dark
    </button>
  </div>
</DocumentFragment>
`;
