// Jest Snapshot v1, https://goo.gl/fbAQLP

exports[`VideoCard should matches snapshot 1`] = `
<DocumentFragment>
  <div
    class="MuiPaper-root MuiPaper-elevation MuiPaper-rounded MuiPaper-elevation1 MuiCard-root custom-class css-1izo6yh-MuiPaper-root-MuiCard-root-VideoCardContainer-root"
    data-testid="video-card"
    style="--Paper-shadow: var(--mui-shadows-1); --Paper-overlay: var(--mui-overlays-1);"
  >
    <div
      class="MuiCardContent-root css-1lt5qva-MuiCardContent-root"
    >
      <div
        class="MuiPaper-root MuiPaper-elevation MuiPaper-rounded MuiPaper-elevation1 MuiCard-root css-jmpm0q-MuiPaper-root-MuiCard-root-ImageWrapper-root"
        style="--Paper-shadow: var(--mui-shadows-1); --Paper-overlay: var(--mui-overlays-1);"
      >
        <span
          class="MuiSkeleton-root MuiSkeleton-rounded MuiSkeleton-wave css-116i1gn-MuiSkeleton-root"
          style="width: 100%; height: 192px;"
        />
        <img
          alt="Sample Video Title"
          data-nimg="1"
          decoding="async"
          height="192"
          loading="lazy"
          src="/_next/image?url=http%3A%2F%2Flocalhost%3A1234%2Fassets%2Fimages%2Ftemp-youtube-logo.webp&w=640&q=75"
          srcset="/_next/image?url=http%3A%2F%2Flocalhost%3A1234%2Fassets%2Fimages%2Ftemp-youtube-logo.webp&w=384&q=75 1x, /_next/image?url=http%3A%2F%2Flocalhost%3A1234%2Fassets%2Fimages%2Ftemp-youtube-logo.webp&w=640&q=75 2x"
          style="color: transparent;"
          width="315"
        />
        <div
          class="MuiTypography-root MuiTypography-bodyMedium video-duration css-149i8z5-MuiTypography-root"
        >
          30:00
        </div>
      </div>
      <div
        class="video-detail MuiBox-root css-0"
      >
        <div
          class="MuiTypography-root MuiTypography-h3 css-1fho9p8-MuiTypography-root"
          title="Sample Video Title"
        >
          Sample Video Title
        </div>
        <p
          class="MuiTypography-root MuiTypography-bodyMedium organizer-name css-149i8z5-MuiTypography-root"
          data-testid="video-card-organizer"
        >
          Ikram Ali
        </p>
        <p
          class="MuiTypography-root MuiTypography-bodyMedium date-time css-149i8z5-MuiTypography-root"
          data-testid="video-card-date-time"
        >
          Oct 22, 2024
        </p>
      </div>
    </div>
  </div>
</DocumentFragment>
`;
